 00b28ddf47aef9cea7'
[    0.773680] Loaded X.509 cert 'wens: 61c038651aabdcf94bd0ac7ff06c7248db18c600'
[    0.774066] platform regulatory.0: Direct firmware load for regulatory.db failed with error -2
[    0.774485] cfg80211: failed to load regulatory.db
[    0.774734] clk: Disabling unused clocks
[    0.774928] PM: genpd: Disabling unused power domains
[    0.775179] ALSA device list:
[    0.775352]   #0: Loopback 1
[    0.775578] md: Waiting for all devices to be available before autodetect
[    0.775910] md: If you don't use raid, use raid=noautodetect
[    0.776188] md: Autodetecting RAID arrays.
[    0.776389] md: autorun ...
[    0.776528] md: ... autorun DONE.
[    0.780841] EXT4-fs (vda): mounted filesystem 7545d83f-5e1b-44ca-9cda-ea1ad0bfe3ee r/w with ordered data mode. Quota mode: none.
[    0.781442] VFS: Mounted root (ext4 filesystem) on device 253:0.
[    0.782265] devtmpfs: mounted
[    0.783417] Freeing unused kernel memory: 15616K
[    0.783705] Run /policy-init as init process
[    0.807315] EXT4-fs (vda): re-mounted 7545d83f-5e1b-44ca-9cda-ea1ad0bfe3ee.
RTNETLINK answers: File exists
qemu-system-aarch64: terminating on signal 15 from pid 95055 (<unknown process>)

**
ERROR:../target/arm/machine.c:1045:cpu_pre_load: assertion failed: (!cpu->cpreg_vmstate_indexes)
Bail out! ERROR:../target/arm/machine.c:1045:cpu_pre_load: assertion failed: (!cpu->cpreg_vmstate_indexes)

Traceback (most recent call last):
  File "/tmp/smolvm-qemu-policy.K1b64P/baseline-venv/lib/python3.14/site-packages/smolvm_core/qmp.py", line 133, in snapshot_load
    self._native.snapshot_load(job_id, tag, vmstate, devices)
    ~~~~~~~~~~~~~~~~~~~~~~~~~~^^^^^^^^^^^^^^^^^^^^^^^^^^^^^^^
RuntimeError: {"context":{"socket_path":"/tmp/qmp-qemu-full-open.sock"},"message":"QMP socket closed unexpectedly"}

The above exception was the direct cause of the following exception:

Traceback (most recent call last):
  File "/tmp/smolvm-qemu-policy.K1b64P/baseline-venv/lib/python3.14/site-packages/smolvm/qmp.py", line 95, in _call
    return getattr(self._core, method)(*args, **kwargs)
           ~~~~~~~~~~~~~~~~~~~~~~~~~~~^^^^^^^^^^^^^^^^^
  File "/tmp/smolvm-qemu-policy.K1b64P/baseline-venv/lib/python3.14/site-packages/smolvm_core/qmp.py", line 135, in snapshot_load
    raise _native_error_to_qmp_error(exc, self.socket_path) from exc
smolvm_core.errors.QMPError: QMP socket closed unexpectedly

The above exception was the direct cause of the following exception:

Traceback (most recent call last):
  File "/tmp/smolvm-qemu-policy.K1b64P/full-snapshot-smoke.py", line 33, in <module>
    vm = SmolVM.from_snapshot(snapshot.snapshot_id, backend='qemu', data_dir=data,
                              state_manager=state, resume_vm=True)
  File "/tmp/smolvm-qemu-policy.K1b64P/baseline-venv/lib/python3.14/site-packages/smolvm/facade.py", line 1610, in from_snapshot
    vm_info = sdk.restore_snapshot(
        snapshot_id,
        resume_vm=resume_vm,
        force=force,
    )
  File "/tmp/smolvm-qemu-policy.K1b64P/baseline-venv/lib/python3.14/site-packages/smolvm/vm.py", line 3033, in restore_snapshot
    launch = adapter.restore_snapshot(
        SnapshotRestoreRequest(
    ...<5 lines>...
        )
    )
  File "/tmp/smolvm-qemu-policy.K1b64P/baseline-venv/lib/python3.14/site-packages/smolvm/runtime/qemu.py", line 1686, in restore_snapshot
    client.snapshot_load(
    ~~~~~~~~~~~~~~~~~~~~^
        load_job_id,
        ^^^^^^^^^^^^
    ...<2 lines>...
        [QEMU_ROOT_NODE_NAME],
        ^^^^^^^^^^^^^^^^^^^^^^
    )
    ^
  File "/tmp/smolvm-qemu-policy.K1b64P/baseline-venv/lib/python3.14/site-packages/smolvm/qmp.py", line 147, in snapshot_load
    self._call("snapshot_load", job_id, tag, vmstate, devices)
    ~~~~~~~~~~^^^^^^^^^^^^^^^^^^^^^^^^^^^^^^^^^^^^^^^^^^^^^^^^
  File "/tmp/smolvm-qemu-policy.K1b64P/baseline-venv/lib/python3.14/site-packages/smolvm/qmp.py", line 97, in _call
    raise _core_error_to_smolvm(exc, self.socket_path) from exc
smolvm.exceptions.SmolVMError: QMP socket closed unexpectedly
