Skipping SSH host port 2200 for VM bench-96e5af0af2e54c4e because it is already in use
WAIT 64822 R 3 handle True
WAIT DONE 64822 gone 0.015763842000069417
LIVENESS 64822 gone gone False handle False
LIVENESS 64822 gone gone False handle False
WAIT 64860 R 3 handle False
LIVENESS 64860 R Z False handle False
WAIT DONE 64860 Z 0.012175787999694876
LIVENESS 64860 Z Z False handle False
LIVENESS 64860 Z gone True handle False
LIVENESS 64860 gone gone False handle False
LIVENESS 64860 gone gone False handle False
LIVENESS 64860 gone gone False handle False
Traceback (most recent call last):
  File "scripts/benchmark-network-policy.py", line 187, in measure_batch
    work["vm"].stop(timeout=3 if template else 0)
  File "/tmp/linux-run/baseline-venv/lib/python3.12/site-packages/smolvm/facade.py", line 1732, in stop
    self._info = self._sdk.stop(self._vm_id, timeout=timeout)
                 ^^^^^^^^^^^^^^^^^^^^^^^^^^^^^^^^^^^^^^^^^^^^
  File "/tmp/linux-run/baseline-venv/lib/python3.12/site-packages/smolvm/vm.py", line 2407, in stop
    self._runtime_adapter_for_backend(backend).stop(vm_info, timeout=timeout)
  File "/tmp/linux-run/baseline-venv/lib/python3.12/site-packages/smolvm/runtime/qemu.py", line 332, in stop
    raise SmolVMError(
smolvm.exceptions.SmolVMError: QEMU process did not exit for VM 'bench-96e5af0af2e54c4e'
Traceback (most recent call last):
  File "/tmp/linux-run/diagnose-stop.py", line 45, in <module>
    runpy.run_path('scripts/benchmark-network-policy.py', run_name='__main__')
  File "<frozen runpy>", line 286, in run_path
  File "<frozen runpy>", line 98, in _run_module_code
  File "<frozen runpy>", line 88, in _run_code
  File "scripts/benchmark-network-policy.py", line 216, in <module>
    main()
  File "scripts/benchmark-network-policy.py", line 205, in main
    measure_batch(pool, [-1])
  File "scripts/benchmark-network-policy.py", line 201, in measure_batch
    raise cleanup_errors[0]
  File "scripts/benchmark-network-policy.py", line 187, in measure_batch
    work["vm"].stop(timeout=3 if template else 0)
  File "/tmp/linux-run/baseline-venv/lib/python3.12/site-packages/smolvm/facade.py", line 1732, in stop
    self._info = self._sdk.stop(self._vm_id, timeout=timeout)
                 ^^^^^^^^^^^^^^^^^^^^^^^^^^^^^^^^^^^^^^^^^^^^
  File "/tmp/linux-run/baseline-venv/lib/python3.12/site-packages/smolvm/vm.py", line 2407, in stop
    self._runtime_adapter_for_backend(backend).stop(vm_info, timeout=timeout)
  File "/tmp/linux-run/baseline-venv/lib/python3.12/site-packages/smolvm/runtime/qemu.py", line 332, in stop
    raise SmolVMError(
smolvm.exceptions.SmolVMError: QEMU process did not exit for VM 'bench-96e5af0af2e54c4e'
